Release 12.4 - xst M.81d (lin64)
Copyright (c) 1995-2010 Xilinx, Inc.  All rights reserved.
--> 
Parameter TMPDIR set to xst/projnav.tmp


Total REAL time to Xst completion: 0.00 secs
Total CPU time to Xst completion: 0.03 secs
 
--> 
Parameter xsthdpdir set to xst


Total REAL time to Xst completion: 0.00 secs
Total CPU time to Xst completion: 0.03 secs
 
--> 
Reading design: chenillard.prj

TABLE OF CONTENTS
  1) Synthesis Options Summary
  2) HDL Parsing
  3) HDL Elaboration
  4) HDL Synthesis
       4.1) HDL Synthesis Report
  5) Advanced HDL Synthesis
       5.1) Advanced HDL Synthesis Report
  6) Low Level Synthesis
  7) Partition Report
  8) Design Summary
       8.1) Primitive and Black Box Usage
       8.2) Device utilization summary
       8.3) Partition Resource Summary
       8.4) Timing Report
            8.4.1) Clock Information
            8.4.2) Asynchronous Control Signals Information
            8.4.3) Timing Summary
            8.4.4) Timing Details
            8.4.5) Cross Clock Domains Report


=========================================================================
*                      Synthesis Options Summary                        *
=========================================================================
---- Source Parameters
Input File Name                    : "chenillard.prj"
Input Format                       : mixed
Ignore Synthesis Constraint File   : NO

---- Target Parameters
Output File Name                   : "chenillard"
Output Format                      : NGC
Target Device                      : xc6slx16-3-csg324

---- Source Options
Top Module Name                    : chenillard
Automatic FSM Extraction           : YES
FSM Encoding Algorithm             : Auto
Safe Implementation                : No
FSM Style                          : LUT
RAM Extraction                     : Yes
RAM Style                          : Auto
ROM Extraction                     : Yes
Shift Register Extraction          : YES
ROM Style                          : Auto
Resource Sharing                   : YES
Asynchronous To Synchronous        : NO
Shift Register Minimum Size        : 2
Use DSP Block                      : Auto
Automatic Register Balancing       : No

---- Target Options
LUT Combining                      : Auto
Reduce Control Sets                : Auto
Add IO Buffers                     : YES
Global Maximum Fanout              : 100000
Add Generic Clock Buffer(BUFG)     : 16
Register Duplication               : YES
Optimize Instantiated Primitives   : NO
Use Clock Enable                   : Auto
Use Synchronous Set                : Auto
Use Synchronous Reset              : Auto
Pack IO Registers into IOBs        : Auto
Equivalent register Removal        : YES

---- General Options
Optimization Goal                  : Speed
Optimization Effort                : 1
Power Reduction                    : NO
Keep Hierarchy                     : No
Netlist Hierarchy                  : As_Optimized
RTL Output                         : Yes
Global Optimization                : AllClockNets
Read Cores                         : YES
Write Timing Constraints           : NO
Cross Clock Analysis               : NO
Hierarchy Separator                : /
Bus Delimiter                      : <>
Case Specifier                     : Maintain
Slice Utilization Ratio            : 100
BRAM Utilization Ratio             : 100
DSP48 Utilization Ratio            : 100
Auto BRAM Packing                  : NO
Slice Utilization Ratio Delta      : 5

=========================================================================


=========================================================================
*                          HDL Parsing                                  *
=========================================================================
Parsing VHDL file "/home/m1/peyroux/Documents/M1S1/AEO/TP41/shift_vector.vhd" into library work
Parsing entity <shift_vector>.
Parsing architecture <Behavioral> of entity <shift_vector>.
Parsing VHDL file "/home/m1/peyroux/Documents/M1S1/AEO/TP41/clk_div.vhd" into library work
Parsing entity <clk_div>.
Parsing architecture <Behavioral> of entity <clk_div>.
Parsing VHDL file "/home/m1/peyroux/Documents/M1S1/AEO/TP41/chenillard.vhd" into library work
Parsing entity <chenillard>.
Parsing architecture <Behavioral> of entity <chenillard>.

=========================================================================
*                            HDL Elaboration                            *
=========================================================================

Elaborating entity <chenillard> (architecture <Behavioral>) from library <work>.

Elaborating entity <clk_div> (architecture <Behavioral>) from library <work>.
WARNING:HDLCompiler:92 - "/home/m1/peyroux/Documents/M1S1/AEO/TP41/clk_div.vhd" Line 52: clk_4hz_sig should be on the sensitivity list of the process

Elaborating entity <shift_vector> (architecture <Behavioral>) from library <work>.
WARNING:HDLCompiler:92 - "/home/m1/peyroux/Documents/M1S1/AEO/TP41/shift_vector.vhd" Line 68: temp should be on the sensitivity list of the process

=========================================================================
*                           HDL Synthesis                               *
=========================================================================

Synthesizing Unit <chenillard>.
    Related source file is "/home/m1/peyroux/Documents/M1S1/AEO/TP41/chenillard.vhd".
    Summary:
	no macro.
Unit <chenillard> synthesized.

Synthesizing Unit <clk_div>.
    Related source file is "/home/m1/peyroux/Documents/M1S1/AEO/TP41/clk_div.vhd".
    Found 1-bit register for signal <clk_4hz_sig>.
    Found 24-bit register for signal <compteur>.
    Found 24-bit adder for signal <GND_5_o_compteur[23]_add_1_OUT> created at line 49.
    Summary:
	inferred   1 Adder/Subtractor(s).
	inferred  25 D-type flip-flop(s).
Unit <clk_div> synthesized.

Synthesizing Unit <shift_vector>.
    Related source file is "/home/m1/peyroux/Documents/M1S1/AEO/TP41/shift_vector.vhd".
    Found 8-bit register for signal <temp>.
    Found 32-bit register for signal <cpt>.
    Found 1-bit register for signal <sens>.
    Found 32-bit adder for signal <cpt[31]_GND_6_o_add_6_OUT> created at line 64.
    Found 32-bit subtractor for signal <cpt[31]_GND_6_o_sub_3_OUT<31:0>> created at line 57.
    Found 1-bit 8-to-1 multiplexer for signal <cpt[2]_switch[7]_Mux_0_o> created at line 49.
    Summary:
	inferred   1 Adder/Subtractor(s).
	inferred  41 D-type flip-flop(s).
	inferred   6 Multiplexer(s).
Unit <shift_vector> synthesized.
RTL-Simplification CPUSTAT: 0.01 
RTL-BasicInf CPUSTAT: 0.08 
RTL-BasicOpt CPUSTAT: 0.00 
RTL-Remain-Bus CPUSTAT: 0.00 

=========================================================================
HDL Synthesis Report

Macro Statistics
# Adders/Subtractors                                   : 2
 24-bit adder                                          : 1
 32-bit addsub                                         : 1
# Registers                                            : 5
 1-bit register                                        : 2
 24-bit register                                       : 1
 32-bit register                                       : 1
 8-bit register                                        : 1
# Multiplexers                                         : 6
 1-bit 2-to-1 multiplexer                              : 4
 1-bit 8-to-1 multiplexer                              : 1
 8-bit 2-to-1 multiplexer                              : 1

=========================================================================

=========================================================================
*                       Advanced HDL Synthesis                          *
=========================================================================


Synthesizing (advanced) Unit <clk_div>.
The following registers are absorbed into counter <compteur>: 1 register on signal <compteur>.
Unit <clk_div> synthesized (advanced).

Synthesizing (advanced) Unit <shift_vector>.
The following registers are absorbed into counter <cpt>: 1 register on signal <cpt>.
Unit <shift_vector> synthesized (advanced).

=========================================================================
Advanced HDL Synthesis Report

Macro Statistics
# Counters                                             : 2
 24-bit up counter                                     : 1
 32-bit updown counter                                 : 1
# Registers                                            : 10
 Flip-Flops                                            : 10
# Multiplexers                                         : 6
 1-bit 2-to-1 multiplexer                              : 4
 1-bit 8-to-1 multiplexer                              : 1
 8-bit 2-to-1 multiplexer                              : 1

=========================================================================

=========================================================================
*                         Low Level Synthesis                           *
=========================================================================
WARNING:Xst:2677 - Node <cpt_3> of sequential type is unconnected in block <shift_vector>.
WARNING:Xst:2677 - Node <cpt_4> of sequential type is unconnected in block <shift_vector>.
WARNING:Xst:2677 - Node <cpt_5> of sequential type is unconnected in block <shift_vector>.
WARNING:Xst:2677 - Node <cpt_6> of sequential type is unconnected in block <shift_vector>.
WARNING:Xst:2677 - Node <cpt_7> of sequential type is unconnected in block <shift_vector>.
WARNING:Xst:2677 - Node <cpt_8> of sequential type is unconnected in block <shift_vector>.
WARNING:Xst:2677 - Node <cpt_9> of sequential type is unconnected in block <shift_vector>.
WARNING:Xst:2677 - Node <cpt_10> of sequential type is unconnected in block <shift_vector>.
WARNING:Xst:2677 - Node <cpt_11> of sequential type is unconnected in block <shift_vector>.
WARNING:Xst:2677 - Node <cpt_12> of sequential type is unconnected in block <shift_vector>.
WARNING:Xst:2677 - Node <cpt_13> of sequential type is unconnected in block <shift_vector>.
WARNING:Xst:2677 - Node <cpt_14> of sequential type is unconnected in block <shift_vector>.
WARNING:Xst:2677 - Node <cpt_15> of sequential type is unconnected in block <shift_vector>.
WARNING:Xst:2677 - Node <cpt_16> of sequential type is unconnected in block <shift_vector>.
WARNING:Xst:2677 - Node <cpt_17> of sequential type is unconnected in block <shift_vector>.
WARNING:Xst:2677 - Node <cpt_18> of sequential type is unconnected in block <shift_vector>.
WARNING:Xst:2677 - Node <cpt_19> of sequential type is unconnected in block <shift_vector>.
WARNING:Xst:2677 - Node <cpt_20> of sequential type is unconnected in block <shift_vector>.
WARNING:Xst:2677 - Node <cpt_21> of sequential type is unconnected in block <shift_vector>.
WARNING:Xst:2677 - Node <cpt_22> of sequential type is unconnected in block <shift_vector>.
WARNING:Xst:2677 - Node <cpt_23> of sequential type is unconnected in block <shift_vector>.
WARNING:Xst:2677 - Node <cpt_24> of sequential type is unconnected in block <shift_vector>.
WARNING:Xst:2677 - Node <cpt_25> of sequential type is unconnected in block <shift_vector>.
WARNING:Xst:2677 - Node <cpt_26> of sequential type is unconnected in block <shift_vector>.
WARNING:Xst:2677 - Node <cpt_27> of sequential type is unconnected in block <shift_vector>.
WARNING:Xst:2677 - Node <cpt_28> of sequential type is unconnected in block <shift_vector>.
WARNING:Xst:2677 - Node <cpt_29> of sequential type is unconnected in block <shift_vector>.
WARNING:Xst:2677 - Node <cpt_30> of sequential type is unconnected in block <shift_vector>.
WARNING:Xst:2677 - Node <cpt_31> of sequential type is unconnected in block <shift_vector>.

Optimizing unit <chenillard> ...

Optimizing unit <shift_vector> ...

Mapping all equations...
Building and optimizing final netlist ...
Found area constraint ratio of 100 (+ 5) on block chenillard, actual ratio is 0.

Final Macro Processing ...

=========================================================================
Final Register Report

Macro Statistics
# Registers                                            : 37
 Flip-Flops                                            : 37

=========================================================================

=========================================================================
*                           Partition Report                            *
=========================================================================

Partition Implementation Status
-------------------------------

  No Partitions were found in this design.

-------------------------------

=========================================================================
*                            Design Summary                             *
=========================================================================

Top Level Output File Name         : chenillard.ngc

Primitive and Black Box Usage:
------------------------------
# BELS                             : 135
#      GND                         : 1
#      INV                         : 1
#      LUT1                        : 23
#      LUT3                        : 10
#      LUT4                        : 4
#      LUT5                        : 29
#      LUT6                        : 14
#      MUXCY                       : 25
#      VCC                         : 1
#      XORCY                       : 27
# FlipFlops/Latches                : 37
#      FD                          : 34
#      FDE                         : 3
# Clock Buffers                    : 1
#      BUFGP                       : 1
# IO Buffers                       : 16
#      IBUF                        : 8
#      OBUF                        : 8

Device utilization summary:
---------------------------

Selected Device : 6slx16csg324-3 


Slice Logic Utilization: 
 Number of Slice Registers:              37  out of  18224     0%  
 Number of Slice LUTs:                   81  out of   9112     0%  
    Number used as Logic:                81  out of   9112     0%  

Slice Logic Distribution: 
 Number of LUT Flip Flop pairs used:     81
   Number with an unused Flip Flop:      44  out of     81    54%  
   Number with an unused LUT:             0  out of     81     0%  
   Number of fully used LUT-FF pairs:    37  out of     81    45%  
   Number of unique control sets:         3

IO Utilization: 
 Number of IOs:                          17
 Number of bonded IOBs:                  17  out of    232     7%  

Specific Feature Utilization:
 Number of BUFG/BUFGCTRLs:                1  out of     16     6%  

---------------------------
Partition Resource Summary:
---------------------------

  No Partitions were found in this design.

---------------------------


=========================================================================
Timing Report

NOTE: THESE TIMING NUMBERS ARE ONLY A SYNTHESIS ESTIMATE.
      FOR ACCURATE TIMING INFORMATION PLEASE REFER TO THE TRACE REPORT
      GENERATED AFTER PLACE-and-ROUTE.

Clock Information:
------------------
-----------------------------------+--------------------------+-------+
Clock Signal                       | Clock buffer(FF name)    | Load  |
-----------------------------------+--------------------------+-------+
clk_div1/clk_4hz_sig               | NONE(shift_vector1/cpt_2)| 12    |
clk                                | BUFGP                    | 25    |
-----------------------------------+--------------------------+-------+
INFO:Xst:2169 - HDL ADVISOR - Some clock signals were not automatically buffered by XST with BUFG/BUFR resources. Please use the buffer_type constraint in order to insert these buffers to the clock signals to help prevent skew problems.

Asynchronous Control Signals Information:
----------------------------------------
No asynchronous control signals found in this design

Timing Summary:
---------------
Speed Grade: -3

   Minimum period: 4.001ns (Maximum Frequency: 249.966MHz)
   Minimum input arrival time before clock: 4.838ns
   Maximum output required time after clock: 3.762ns
   Maximum combinational path delay: No path found

Timing Details:
---------------
All values displayed in nanoseconds (ns)

=========================================================================
Timing constraint: Default period analysis for Clock 'clk_div1/clk_4hz_sig'
  Clock period: 4.001ns (frequency: 249.966MHz)
  Total number of paths / destination ports: 333 / 15
-------------------------------------------------------------------------
Delay:               4.001ns (Levels of Logic = 2)
  Source:            shift_vector1/temp_6 (FF)
  Destination:       shift_vector1/cpt_2 (FF)
  Source Clock:      clk_div1/clk_4hz_sig rising
  Destination Clock: clk_div1/clk_4hz_sig rising

  Data Path: shift_vector1/temp_6 to shift_vector1/cpt_2
                                Gate     Net
    Cell:in->out      fanout   Delay   Delay  Logical Name (Net Name)
    ----------------------------------------  ------------
     FD:C->Q               5   0.447   1.079  shift_vector1/temp_6 (shift_vector1/temp_6)
     LUT6:I0->O            2   0.203   0.864  shift_vector1/GND_6_o_temp[7]_equal_2_o<7>11 (shift_vector1/N3)
     LUT6:I2->O           11   0.203   0.882  shift_vector1/_n0043_inv1 (shift_vector1/_n0043_inv)
     FDE:CE                    0.322          shift_vector1/cpt_0
    ----------------------------------------
    Total                      4.001ns (1.175ns logic, 2.826ns route)
                                       (29.4% logic, 70.6% route)

=========================================================================
Timing constraint: Default period analysis for Clock 'clk'
  Clock period: 3.376ns (frequency: 296.213MHz)
  Total number of paths / destination ports: 901 / 25
-------------------------------------------------------------------------
Delay:               3.376ns (Levels of Logic = 2)
  Source:            clk_div1/compteur_8 (FF)
  Destination:       clk_div1/clk_4hz_sig (FF)
  Source Clock:      clk rising
  Destination Clock: clk rising

  Data Path: clk_div1/compteur_8 to clk_div1/clk_4hz_sig
                                Gate     Net
    Cell:in->out      fanout   Delay   Delay  Logical Name (Net Name)
    ----------------------------------------  ------------
     FD:C->Q               2   0.447   0.981  clk_div1/compteur_8 (clk_div1/compteur_8)
     LUT6:I0->O           25   0.203   1.440  clk_div1/compteur[23]_PWR_5_o_equal_1_o<23>4 (clk_div1/compteur[23]_PWR_5_o_equal_1_o<23>3)
     LUT5:I1->O            1   0.203   0.000  clk_div1/clk_4hz_sig_rstpot (clk_div1/clk_4hz_sig_rstpot)
     FD:D                      0.102          clk_div1/clk_4hz_sig
    ----------------------------------------
    Total                      3.376ns (0.955ns logic, 2.421ns route)
                                       (28.3% logic, 71.7% route)

=========================================================================
Timing constraint: Default OFFSET IN BEFORE for Clock 'clk_div1/clk_4hz_sig'
  Total number of paths / destination ports: 232 / 15
-------------------------------------------------------------------------
Offset:              4.838ns (Levels of Logic = 3)
  Source:            switch<4> (PAD)
  Destination:       shift_vector1/cpt_2 (FF)
  Destination Clock: clk_div1/clk_4hz_sig rising

  Data Path: switch<4> to shift_vector1/cpt_2
                                Gate     Net
    Cell:in->out      fanout   Delay   Delay  Logical Name (Net Name)
    ----------------------------------------  ------------
     IBUF:I->O             1   1.222   0.944  switch_4_IBUF (switch_4_IBUF)
     LUT6:I0->O           14   0.203   1.062  shift_vector1/Mmux_cpt[2]_switch[7]_Mux_0_o_3 (shift_vector1/Mmux_cpt[2]_switch[7]_Mux_0_o_3)
     LUT6:I4->O           11   0.203   0.882  shift_vector1/_n0043_inv1 (shift_vector1/_n0043_inv)
     FDE:CE                    0.322          shift_vector1/cpt_0
    ----------------------------------------
    Total                      4.838ns (1.950ns logic, 2.888ns route)
                                       (40.3% logic, 59.7% route)

=========================================================================
Timing constraint: Default OFFSET OUT AFTER for Clock 'clk_div1/clk_4hz_sig'
  Total number of paths / destination ports: 8 / 8
-------------------------------------------------------------------------
Offset:              3.762ns (Levels of Logic = 1)
  Source:            shift_vector1/temp_7 (FF)
  Destination:       led<7> (PAD)
  Source Clock:      clk_div1/clk_4hz_sig rising

  Data Path: shift_vector1/temp_7 to led<7>
                                Gate     Net
    Cell:in->out      fanout   Delay   Delay  Logical Name (Net Name)
    ----------------------------------------  ------------
     FD:C->Q               6   0.447   0.744  shift_vector1/temp_7 (shift_vector1/temp_7)
     OBUF:I->O                 2.571          led_7_OBUF (led<7>)
    ----------------------------------------
    Total                      3.762ns (3.018ns logic, 0.744ns route)
                                       (80.2% logic, 19.8% route)

=========================================================================

Cross Clock Domains Report:
--------------------------

Clock to Setup on destination clock clk
---------------+---------+---------+---------+---------+
               | Src:Rise| Src:Fall| Src:Rise| Src:Fall|
Source Clock   |Dest:Rise|Dest:Rise|Dest:Fall|Dest:Fall|
---------------+---------+---------+---------+---------+
clk            |    3.376|         |         |         |
---------------+---------+---------+---------+---------+

Clock to Setup on destination clock clk_div1/clk_4hz_sig
--------------------+---------+---------+---------+---------+
                    | Src:Rise| Src:Fall| Src:Rise| Src:Fall|
Source Clock        |Dest:Rise|Dest:Rise|Dest:Fall|Dest:Fall|
--------------------+---------+---------+---------+---------+
clk_div1/clk_4hz_sig|    4.001|         |         |         |
--------------------+---------+---------+---------+---------+

=========================================================================


Total REAL time to Xst completion: 2.00 secs
Total CPU time to Xst completion: 2.41 secs
 
--> 


Total memory usage is 363480 kilobytes

Number of errors   :    0 (   0 filtered)
Number of warnings :   31 (   0 filtered)
Number of infos    :    1 (   0 filtered)

